struct G{
  int P()
  {
    return 5;
  };
  float t=3.9;
  float r=4.2;
  float P(int M)
  {
    return t+M;
  };
};
float P(float M)
{
  struct{
    float o;
    float P()
    {
      return o;
    };
  } f;
  f.o=4;
  return f.GetP()*M;
}
